A30276 #One Punch Man
A199   #Sen to Chihiro no Kamikakushi
A23273 #Shigatsu wa Kimi no Uso
A263   #Hajime no Ippo
A12355 #Ookami Kodomo no Ame to Yuki
A44    #Rurouni Kenshin: Meiji Kenkaku Romantan - Tsuiokuhen
A1575  #Code Geass: Hangyaku no Lelouch
A1     #Cowboy Bebop
A164   #Mononoke Hime
A2001  #Tengen Toppa Gurren Lagann
A245   #Great Teacher Onizuka
A457   #Mushishi
A1535  #Death Note
A19    #Monster
A431   #Howl no Ugoku Shiro
A22135 #Ping Pong The Animation
A20583 #Haikyuu!!
A28171 #Shokugeki no Souma
A9989  #Ano Hi Mita Hana no Namae wo Bokutachi wa Mada Shiranai.
A10408 #Hotarubi no Mori e
A7785  #Yojouhan Shinwa Taikei
A22535 #Kiseijuu: Sei no Kakuritsu
A16498 #Shingeki no Kyojin
A31043 #Boku dake ga Inai Machi
A578   #Hotaru no Haka
A12029 #Uchuu Senkan Yamato 2199
A877   #Nana
A10162 #Usagi Drop
A10165 #Nichijou
A19815 #No Game No Life
A22789 #Barakamon
A6594  #Katanagatari
A23755 #Nanatsu no Taizai
A1698  #Nodame Cantabile
A12531 #Sakamichi no Apollon
A205   #Samurai Champloo
A523   #Tonari no Totoro
A25835 #Shirobako
A2236  #Toki wo Kakeru Shoujo
A4224  #Toradora!
A6547  #Angel Beats!
A13759 #Sakurasou no Pet na Kanojo
A2418  #Stranger: Mukou Hadan
A329   #Planetes
A513   #Tenkuu no Shiro Laputa
A2966  #Ookami to Koushinryou
A2167  #Clannad
A16782 #Kotonoha no Niwa
A30    #Neon Genesis Evangelion
A18679 #Kill la Kill










M2     #Berserk
M25    #Fullmetal Alchemist
M4632  #Oyasumi Punpun
M1     #Monster
M3     #20th Century Boys
M11734 #Watashitachi no Shiawase na Jikan
M16765 #Kingdom
M51    #Slam Dunk
M651   #Kaze no Tani no Nausicaä
M336   #GTO
M44347 #One Punch-Man
M656   #Vagabond
M104   #Yotsuba to!
M418   #Mushishi
M35573 #Orange
M21    #Death Note
M664   #Akira
M14483 #Uchuu Kyoudai
M21525 #Akatsuki no Yona
M33327 #Tokyo Ghoul
M904   #Kozure Ookami
M1859  #Natsume Yuujinchou
M37707 #Shigatsu wa Kimi no Uso
M657   #Real
M28393 #Sakamichi no Apollon
M28    #Nana
M145   #Beck
M610   #Skip Beat!
M35243 #Haikyuu!!
M81    #Aria
M11327 #One Outs
M3031  #Pandora Hearts
M29211 #Gekkan Shoujo Nozaki-kun
M56805 #Koe no Katachi
M42451 #Horimiya
M4     #Yokohama Kaidashi Kikou
M45757 #Shokugeki no Souma
M30    #Ouran Koukou Host Club
M24692 #Noragami
M31    #Lovely★Complex
M419   #Nodame Cantabile
M23390 #Shingeki no Kyojin
M698   #Neon Genesis Evangelion
M768   #Gunnm
M401   #Kiseijuu
M348   #Genshiken
M24294 #Ao Haru Ride
M583   #Claymore
M3299  #Ookami to Koushinryou
M25132 #Akame ga Kill!
